Base path: '/Applications/Unity/Hub/Editor/6000.3.10f1/Unity.app/Contents', plugins path '/Applications/Unity/Hub/Editor/6000.3.10f1/Unity.app/Contents/PlaybackEngines', jobs: n
Cmd: initializeCompiler

Cmd: compileComputeKernel
  insize=12104 file=Packages/com.unity.render-pipelines.high-definition/Runtime/Lighting/LightLoop/Deferred.compute kernel=Deferred_Indirect_Fptl_Variant2 ppOnly=0 stripLineD=0 buildPlatform=2 km=<SHADE_OPAQUE_ENTRY=Deferred_Indirect_Fptl_Variant2>,<USE_INDIRECT=1>,<VARIANT=2>,<UNITY_VERSION=60030010> pKW=UNITY_ENABLE_REFLECTION_BUFFERS UNITY_FRAMEBUFFER_FETCH_AVAILABLE UNITY_USE_DITHER_MASK_FOR_ALPHABLENDED_SHADOWS UNITY_PBS_USE_BRDF1 UNITY_SPECCUBE_BOX_PROJECTION UNITY_SPECCUBE_BLENDING UNITY_ENABLE_DETAIL_NORMALMAP SHADER_API_DESKTOP UNITY_LIGHT_PROBE_PROXY_VOLUME UNITY_LIGHTMAP_FULL_HDR UNITY_NEEDS_RENDERPASS_FBFETCH_FALLBACK uKW=SCREEN_SPACE_SHADOWS_OFF PROBE_VOLUMES_L1 PUNCTUAL_SHADOW_MEDIUM DIRECTIONAL_SHADOW_MEDIUM AREA_SHADOW_MEDIUM SHADER_STAGE_COMPUTE platform=metal flags=4294971424 reqs=50241 forceDXC=0 forceFXC=0 ok=1 outsize=182774

Cmd: compileComputeKernel
  insize=12104 file=Packages/com.unity.render-pipelines.high-definition/Runtime/Lighting/LightLoop/Deferred.compute kernel=Deferred_Indirect_Fptl_Variant7 ppOnly=0 stripLineD=0 buildPlatform=2 km=<SHADE_OPAQUE_ENTRY=Deferred_Indirect_Fptl_Variant7>,<USE_INDIRECT=1>,<VARIANT=7>,<UNITY_VERSION=60030010> pKW=UNITY_ENABLE_REFLECTION_BUFFERS UNITY_FRAMEBUFFER_FETCH_AVAILABLE UNITY_USE_DITHER_MASK_FOR_ALPHABLENDED_SHADOWS UNITY_PBS_USE_BRDF1 UNITY_SPECCUBE_BOX_PROJECTION UNITY_SPECCUBE_BLENDING UNITY_ENABLE_DETAIL_NORMALMAP SHADER_API_DESKTOP UNITY_LIGHT_PROBE_PROXY_VOLUME UNITY_LIGHTMAP_FULL_HDR UNITY_NEEDS_RENDERPASS_FBFETCH_FALLBACK uKW=SCREEN_SPACE_SHADOWS_OFF PROBE_VOLUMES_L1 PUNCTUAL_SHADOW_MEDIUM DIRECTIONAL_SHADOW_MEDIUM AREA_SHADOW_MEDIUM SHADER_STAGE_COMPUTE platform=metal flags=4294971424 reqs=50241 forceDXC=0 forceFXC=0 ok=1 outsize=293235

Cmd: compileComputeKernel
  insize=12104 file=Packages/com.unity.render-pipelines.high-definition/Runtime/Lighting/LightLoop/Deferred.compute kernel=Deferred_Indirect_Fptl_Variant13 ppOnly=0 stripLineD=0 buildPlatform=2 km=<SHADE_OPAQUE_ENTRY=Deferred_Indirect_Fptl_Variant13>,<USE_INDIRECT=1>,<VARIANT=13>,<UNITY_VERSION=60030010> pKW=UNITY_ENABLE_REFLECTION_BUFFERS UNITY_FRAMEBUFFER_FETCH_AVAILABLE UNITY_USE_DITHER_MASK_FOR_ALPHABLENDED_SHADOWS UNITY_PBS_USE_BRDF1 UNITY_SPECCUBE_BOX_PROJECTION UNITY_SPECCUBE_BLENDING UNITY_ENABLE_DETAIL_NORMALMAP SHADER_API_DESKTOP UNITY_LIGHT_PROBE_PROXY_VOLUME UNITY_LIGHTMAP_FULL_HDR UNITY_NEEDS_RENDERPASS_FBFETCH_FALLBACK uKW=SCREEN_SPACE_SHADOWS_OFF PROBE_VOLUMES_L1 PUNCTUAL_SHADOW_MEDIUM DIRECTIONAL_SHADOW_MEDIUM AREA_SHADOW_MEDIUM SHADER_STAGE_COMPUTE platform=metal flags=4294971424 reqs=50241 forceDXC=0 forceFXC=0 ok=1 outsize=176129

Cmd: compileComputeKernel
  insize=12104 file=Packages/com.unity.render-pipelines.high-definition/Runtime/Lighting/LightLoop/Deferred.compute kernel=Deferred_Indirect_Fptl_Variant15 ppOnly=0 stripLineD=0 buildPlatform=2 km=<SHADE_OPAQUE_ENTRY=Deferred_Indirect_Fptl_Variant15>,<USE_INDIRECT=1>,<VARIANT=15>,<UNITY_VERSION=60030010> pKW=UNITY_ENABLE_REFLECTION_BUFFERS UNITY_FRAMEBUFFER_FETCH_AVAILABLE UNITY_USE_DITHER_MASK_FOR_ALPHABLENDED_SHADOWS UNITY_PBS_USE_BRDF1 UNITY_SPECCUBE_BOX_PROJECTION UNITY_SPECCUBE_BLENDING UNITY_ENABLE_DETAIL_NORMALMAP SHADER_API_DESKTOP UNITY_LIGHT_PROBE_PROXY_VOLUME UNITY_LIGHTMAP_FULL_HDR UNITY_NEEDS_RENDERPASS_FBFETCH_FALLBACK uKW=SCREEN_SPACE_SHADOWS_OFF PROBE_VOLUMES_L1 PUNCTUAL_SHADOW_MEDIUM DIRECTIONAL_SHADOW_MEDIUM AREA_SHADOW_MEDIUM SHADER_STAGE_COMPUTE platform=metal flags=4294971424 reqs=50241 forceDXC=0 forceFXC=0 ok=1 outsize=197803

Cmd: compileComputeKernel
  insize=12104 file=Packages/com.unity.render-pipelines.high-definition/Runtime/Lighting/LightLoop/Deferred.compute kernel=Deferred_Indirect_Fptl_Variant18 ppOnly=0 stripLineD=0 buildPlatform=2 km=<SHADE_OPAQUE_ENTRY=Deferred_Indirect_Fptl_Variant18>,<USE_INDIRECT=1>,<VARIANT=18>,<UNITY_VERSION=60030010> pKW=UNITY_ENABLE_REFLECTION_BUFFERS UNITY_FRAMEBUFFER_FETCH_AVAILABLE UNITY_USE_DITHER_MASK_FOR_ALPHABLENDED_SHADOWS UNITY_PBS_USE_BRDF1 UNITY_SPECCUBE_BOX_PROJECTION UNITY_SPECCUBE_BLENDING UNITY_ENABLE_DETAIL_NORMALMAP SHADER_API_DESKTOP UNITY_LIGHT_PROBE_PROXY_VOLUME UNITY_LIGHTMAP_FULL_HDR UNITY_NEEDS_RENDERPASS_FBFETCH_FALLBACK uKW=SCREEN_SPACE_SHADOWS_OFF PROBE_VOLUMES_L1 PUNCTUAL_SHADOW_MEDIUM DIRECTIONAL_SHADOW_MEDIUM AREA_SHADOW_MEDIUM SHADER_STAGE_COMPUTE platform=metal flags=4294971424 reqs=50241 forceDXC=0 forceFXC=0 ok=1 outsize=180319

Cmd: compileComputeKernel
  insize=12104 file=Packages/com.unity.render-pipelines.high-definition/Runtime/Lighting/LightLoop/Deferred.compute kernel=Deferred_Indirect_Fptl_Variant20 ppOnly=0 stripLineD=0 buildPlatform=2 km=<SHADE_OPAQUE_ENTRY=Deferred_Indirect_Fptl_Variant20>,<USE_INDIRECT=1>,<VARIANT=20>,<UNITY_VERSION=60030010> pKW=UNITY_ENABLE_REFLECTION_BUFFERS UNITY_FRAMEBUFFER_FETCH_AVAILABLE UNITY_USE_DITHER_MASK_FOR_ALPHABLENDED_SHADOWS UNITY_PBS_USE_BRDF1 UNITY_SPECCUBE_BOX_PROJECTION UNITY_SPECCUBE_BLENDING UNITY_ENABLE_DETAIL_NORMALMAP SHADER_API_DESKTOP UNITY_LIGHT_PROBE_PROXY_VOLUME UNITY_LIGHTMAP_FULL_HDR UNITY_NEEDS_RENDERPASS_FBFETCH_FALLBACK uKW=SCREEN_SPACE_SHADOWS_OFF PROBE_VOLUMES_L1 PUNCTUAL_SHADOW_MEDIUM DIRECTIONAL_SHADOW_MEDIUM AREA_SHADOW_MEDIUM SHADER_STAGE_COMPUTE platform=metal flags=4294971424 reqs=50241 forceDXC=0 forceFXC=0 ok=1 outsize=209098

Cmd: compileComputeKernel
  insize=12104 file=Packages/com.unity.render-pipelines.high-definition/Runtime/Lighting/LightLoop/Deferred.compute kernel=Deferred_Indirect_Fptl_Variant24 ppOnly=0 stripLineD=0 buildPlatform=2 km=<SHADE_OPAQUE_ENTRY=Deferred_Indirect_Fptl_Variant24>,<USE_INDIRECT=1>,<VARIANT=24>,<UNITY_VERSION=60030010> pKW=UNITY_ENABLE_REFLECTION_BUFFERS UNITY_FRAMEBUFFER_FETCH_AVAILABLE UNITY_USE_DITHER_MASK_FOR_ALPHABLENDED_SHADOWS UNITY_PBS_USE_BRDF1 UNITY_SPECCUBE_BOX_PROJECTION UNITY_SPECCUBE_BLENDING UNITY_ENABLE_DETAIL_NORMALMAP SHADER_API_DESKTOP UNITY_LIGHT_PROBE_PROXY_VOLUME UNITY_LIGHTMAP_FULL_HDR UNITY_NEEDS_RENDERPASS_FBFETCH_FALLBACK uKW=SCREEN_SPACE_SHADOWS_OFF PROBE_VOLUMES_L1 PUNCTUAL_SHADOW_MEDIUM DIRECTIONAL_SHADOW_MEDIUM AREA_SHADOW_MEDIUM SHADER_STAGE_COMPUTE platform=metal flags=4294971424 reqs=50241 forceDXC=0 forceFXC=0 ok=1 outsize=190775

Cmd: compileComputeKernel
  insize=12104 file=Packages/com.unity.render-pipelines.high-definition/Runtime/Lighting/LightLoop/Deferred.compute kernel=Deferred_Indirect_Fptl_Variant26 ppOnly=0 stripLineD=0 buildPlatform=2 km=<SHADE_OPAQUE_ENTRY=Deferred_Indirect_Fptl_Variant26>,<USE_INDIRECT=1>,<VARIANT=26>,<UNITY_VERSION=60030010> pKW=UNITY_ENABLE_REFLECTION_BUFFERS UNITY_FRAMEBUFFER_FETCH_AVAILABLE UNITY_USE_DITHER_MASK_FOR_ALPHABLENDED_SHADOWS UNITY_PBS_USE_BRDF1 UNITY_SPECCUBE_BOX_PROJECTION UNITY_SPECCUBE_BLENDING UNITY_ENABLE_DETAIL_NORMALMAP SHADER_API_DESKTOP UNITY_LIGHT_PROBE_PROXY_VOLUME UNITY_LIGHTMAP_FULL_HDR UNITY_NEEDS_RENDERPASS_FBFETCH_FALLBACK uKW=SCREEN_SPACE_SHADOWS_OFF PROBE_VOLUMES_L1 PUNCTUAL_SHADOW_MEDIUM DIRECTIONAL_SHADOW_MEDIUM AREA_SHADOW_MEDIUM SHADER_STAGE_COMPUTE platform=metal flags=4294971424 reqs=50241 forceDXC=0 forceFXC=0 ok=1 outsize=241006

Cmd: compileComputeKernel
  insize=13224 file=Packages/com.unity.render-pipelines.high-definition/Runtime/PostProcessing/Shaders/LutBuilder3D.compute kernel=KBuild ppOnly=0 stripLineD=0 buildPlatform=2 km=<UNITY_VERSION=60030010> pKW=UNITY_ENABLE_REFLECTION_BUFFERS UNITY_FRAMEBUFFER_FETCH_AVAILABLE UNITY_USE_DITHER_MASK_FOR_ALPHABLENDED_SHADOWS UNITY_PBS_USE_BRDF1 UNITY_SPECCUBE_BOX_PROJECTION UNITY_SPECCUBE_BLENDING UNITY_ENABLE_DETAIL_NORMALMAP SHADER_API_DESKTOP UNITY_LIGHT_PROBE_PROXY_VOLUME UNITY_LIGHTMAP_FULL_HDR UNITY_NEEDS_RENDERPASS_FBFETCH_FALLBACK uKW=TONEMAPPING_NONE GRADE_IN_ACESCG SHADER_STAGE_COMPUTE platform=metal flags=4294971424 reqs=50241 forceDXC=0 forceFXC=0 ok=1 outsize=18300

Cmd: initializeCompiler

Cmd: initializeCompiler

Cmd: initializeCompiler

Cmd: initializeCompiler

Cmd: initializeCompiler

Cmd: initializeCompiler

Cmd: initializeCompiler

Cmd: initializeCompiler

Cmd: initializeCompiler

Cmd: initializeCompiler

Cmd: initializeCompiler

Cmd: initializeCompiler

Cmd: initializeCompiler

Cmd: initializeCompiler

Cmd: initializeCompiler

Cmd: initializeCompiler

Cmd: initializeCompiler

Cmd: initializeCompiler

Cmd: initializeCompiler

Cmd: initializeCompiler

Cmd: initializeCompiler

Cmd: initializeCompiler

Cmd: initializeCompiler

Cmd: initializeCompiler

Cmd: initializeCompiler

Cmd: initializeCompiler

